Analysis & Synthesis report for aula3
Thu Sep  3 15:51:29 2026
Quartus Prime Version 25.1std.0 Build 1129 10/21/2025 SC Lite Edition


---------------------
; Table of Contents ;
---------------------
  1. Legal Notice
  2. Analysis & Synthesis Summary
  3. Analysis & Synthesis Settings
  4. Parallel Compilation
  5. Analysis & Synthesis Source Files Read
  6. Analysis & Synthesis Resource Usage Summary
  7. Analysis & Synthesis Resource Utilization by Entity
  8. Registers Removed During Synthesis
  9. General Register Statistics
 10. Parameter Settings for User Entity Instance: free_run_bin_counter:inst8
 11. Parameter Settings for User Entity Instance: divclock:inst30
 12. Parameter Settings for User Entity Instance: free_run_bin_counter:inst9
 13. Parameter Settings for User Entity Instance: free_run_bin_counter:inst12
 14. Parameter Settings for User Entity Instance: free_run_bin_counter:inst10
 15. Parameter Settings for User Entity Instance: free_run_bin_counter:inst11
 16. Parameter Settings for User Entity Instance: free_run_bin_counter:inst13
 17. Post-Synthesis Netlist Statistics for Top Partition
 18. Elapsed Time Per Partition
 19. Analysis & Synthesis Messages



----------------
; Legal Notice ;
----------------
Copyright (C) 2025  Altera Corporation. All rights reserved.
Your use of Altera Corporation's design tools, logic functions 
and other software and tools, and any partner logic 
functions, and any output files from any of the foregoing 
(including device programming or simulation files), and any 
associated documentation or information are expressly subject 
to the terms and conditions of the Altera Program License 
Subscription Agreement, the Altera Quartus Prime License Agreement,
the Altera IP License Agreement, or other applicable license
agreement, including, without limitation, that your use is for
the sole purpose of programming logic devices manufactured by
Altera and sold by Altera or its authorized distributors.  Please
refer to the Altera Software License Subscription Agreements 
on the Quartus Prime software download page.



+--------------------------------------------------------------------------------------+
; Analysis & Synthesis Summary                                                         ;
+------------------------------------+-------------------------------------------------+
; Analysis & Synthesis Status        ; Successful - Thu Sep  3 15:51:29 2026           ;
; Quartus Prime Version              ; 25.1std.0 Build 1129 10/21/2025 SC Lite Edition ;
; Revision Name                      ; aula3                                           ;
; Top-level Entity Name              ; top                                             ;
; Family                             ; MAX 10                                          ;
; Total logic elements               ; 109                                             ;
;     Total combinational functions  ; 109                                             ;
;     Dedicated logic registers      ; 46                                              ;
; Total registers                    ; 46                                              ;
; Total pins                         ; 52                                              ;
; Total virtual pins                 ; 0                                               ;
; Total memory bits                  ; 0                                               ;
; Embedded Multiplier 9-bit elements ; 0                                               ;
; Total PLLs                         ; 0                                               ;
; UFM blocks                         ; 0                                               ;
; ADC blocks                         ; 0                                               ;
+------------------------------------+-------------------------------------------------+


+------------------------------------------------------------------------------------------------------------+
; Analysis & Synthesis Settings                                                                              ;
+------------------------------------------------------------------+--------------------+--------------------+
; Option                                                           ; Setting            ; Default Value      ;
+------------------------------------------------------------------+--------------------+--------------------+
; Device                                                           ; 10M50DAF484C7G     ;                    ;
; Top-level entity name                                            ; top                ; aula3              ;
; Family name                                                      ; MAX 10             ; Cyclone V          ;
; Use smart compilation                                            ; Off                ; Off                ;
; Enable parallel Assembler and Timing Analyzer during compilation ; On                 ; On                 ;
; Enable compact report table                                      ; Off                ; Off                ;
; Restructure Multiplexers                                         ; Auto               ; Auto               ;
; Create Debugging Nodes for IP Cores                              ; Off                ; Off                ;
; Preserve fewer node names                                        ; On                 ; On                 ;
; Intel FPGA IP Evaluation Mode                                    ; Enable             ; Enable             ;
; Verilog Version                                                  ; Verilog_2001       ; Verilog_2001       ;
; VHDL Version                                                     ; VHDL_1993          ; VHDL_1993          ;
; State Machine Processing                                         ; Auto               ; Auto               ;
; Safe State Machine                                               ; Off                ; Off                ;
; Extract Verilog State Machines                                   ; On                 ; On                 ;
; Extract VHDL State Machines                                      ; On                 ; On                 ;
; Ignore Verilog initial constructs                                ; Off                ; Off                ;
; Iteration limit for constant Verilog loops                       ; 5000               ; 5000               ;
; Iteration limit for non-constant Verilog loops                   ; 250                ; 250                ;
; Add Pass-Through Logic to Inferred RAMs                          ; On                 ; On                 ;
; Infer RAMs from Raw Logic                                        ; On                 ; On                 ;
; Parallel Synthesis                                               ; On                 ; On                 ;
; DSP Block Balancing                                              ; Auto               ; Auto               ;
; NOT Gate Push-Back                                               ; On                 ; On                 ;
; Power-Up Don't Care                                              ; On                 ; On                 ;
; Remove Redundant Logic Cells                                     ; Off                ; Off                ;
; Remove Duplicate Registers                                       ; On                 ; On                 ;
; Ignore CARRY Buffers                                             ; Off                ; Off                ;
; Ignore CASCADE Buffers                                           ; Off                ; Off                ;
; Ignore GLOBAL Buffers                                            ; Off                ; Off                ;
; Ignore ROW GLOBAL Buffers                                        ; Off                ; Off                ;
; Ignore LCELL Buffers                                             ; Off                ; Off                ;
; Ignore SOFT Buffers                                              ; On                 ; On                 ;
; Limit AHDL Integers to 32 Bits                                   ; Off                ; Off                ;
; Optimization Technique                                           ; Balanced           ; Balanced           ;
; Carry Chain Length                                               ; 70                 ; 70                 ;
; Auto Carry Chains                                                ; On                 ; On                 ;
; Auto Open-Drain Pins                                             ; On                 ; On                 ;
; Perform WYSIWYG Primitive Resynthesis                            ; Off                ; Off                ;
; Auto ROM Replacement                                             ; On                 ; On                 ;
; Auto RAM Replacement                                             ; On                 ; On                 ;
; Auto DSP Block Replacement                                       ; On                 ; On                 ;
; Auto Shift Register Replacement                                  ; Auto               ; Auto               ;
; Allow Shift Register Merging across Hierarchies                  ; Auto               ; Auto               ;
; Auto Clock Enable Replacement                                    ; On                 ; On                 ;
; Strict RAM Replacement                                           ; Off                ; Off                ;
; Allow Synchronous Control Signals                                ; On                 ; On                 ;
; Force Use of Synchronous Clear Signals                           ; Off                ; Off                ;
; Auto RAM Block Balancing                                         ; On                 ; On                 ;
; Auto RAM to Logic Cell Conversion                                ; Off                ; Off                ;
; Auto Resource Sharing                                            ; Off                ; Off                ;
; Allow Any RAM Size For Recognition                               ; Off                ; Off                ;
; Allow Any ROM Size For Recognition                               ; Off                ; Off                ;
; Allow Any Shift Register Size For Recognition                    ; Off                ; Off                ;
; Use LogicLock Constraints during Resource Balancing              ; On                 ; On                 ;
; Ignore translate_off and synthesis_off directives                ; Off                ; Off                ;
; Timing-Driven Synthesis                                          ; On                 ; On                 ;
; Report Parameter Settings                                        ; On                 ; On                 ;
; Report Source Assignments                                        ; On                 ; On                 ;
; Report Connectivity Checks                                       ; On                 ; On                 ;
; Ignore Maximum Fan-Out Assignments                               ; Off                ; Off                ;
; Synchronization Register Chain Length                            ; 2                  ; 2                  ;
; Power Optimization During Synthesis                              ; Normal compilation ; Normal compilation ;
; HDL message level                                                ; Level2             ; Level2             ;
; Suppress Register Optimization Related Messages                  ; Off                ; Off                ;
; Number of Removed Registers Reported in Synthesis Report         ; 5000               ; 5000               ;
; Number of Swept Nodes Reported in Synthesis Report               ; 5000               ; 5000               ;
; Number of Inverted Registers Reported in Synthesis Report        ; 100                ; 100                ;
; Clock MUX Protection                                             ; On                 ; On                 ;
; Auto Gated Clock Conversion                                      ; Off                ; Off                ;
; Block Design Naming                                              ; Auto               ; Auto               ;
; SDC constraint protection                                        ; Off                ; Off                ;
; Synthesis Effort                                                 ; Auto               ; Auto               ;
; Shift Register Replacement - Allow Asynchronous Clear Signal     ; On                 ; On                 ;
; Pre-Mapping Resynthesis Optimization                             ; Off                ; Off                ;
; Analysis & Synthesis Message Level                               ; Medium             ; Medium             ;
; Disable Register Merging Across Hierarchies                      ; Auto               ; Auto               ;
; Resource Aware Inference For Block RAM                           ; On                 ; On                 ;
+------------------------------------------------------------------+--------------------+--------------------+


+------------------------------------------+
; Parallel Compilation                     ;
+----------------------------+-------------+
; Processors                 ; Number      ;
+----------------------------+-------------+
; Number detected on machine ; 16          ;
; Maximum allowed            ; 16          ;
;                            ;             ;
; Average used               ; 1.00        ;
; Maximum used               ; 16          ;
;                            ;             ;
; Usage by Processor         ; % Time Used ;
;     Processor 1            ; 100.0%      ;
;     Processor 2            ;   0.0%      ;
;     Processors 3-16        ;   0.0%      ;
+----------------------------+-------------+


+-----------------------------------------------------------------------------------------------------------------------------------------------------------------------------------------+
; Analysis & Synthesis Source Files Read                                                                                                                                                  ;
+----------------------------------+-----------------+------------------------------------+-------------------------------------------------------------------------------------+---------+
; File Name with User-Entered Path ; Used in Netlist ; File Type                          ; File Name with Absolute Path                                                        ; Library ;
+----------------------------------+-----------------+------------------------------------+-------------------------------------------------------------------------------------+---------+
; aula3.vhd                        ; yes             ; User VHDL File                     ; C:/Users/heber/OneDrive/Documentos/Codigos/UFSC/DLP/aula3/aula3.vhd                 ;         ;
; top.bdf                          ; yes             ; User Block Diagram/Schematic File  ; C:/Users/heber/OneDrive/Documentos/Codigos/UFSC/DLP/aula3/top.bdf                   ;         ;
; output_files/contador.vhd        ; yes             ; User VHDL File                     ; C:/Users/heber/OneDrive/Documentos/Codigos/UFSC/DLP/aula3/output_files/contador.vhd ;         ;
; divclock.vhd                     ; yes             ; User VHDL File                     ; C:/Users/heber/OneDrive/Documentos/Codigos/UFSC/DLP/aula3/divclock.vhd              ;         ;
; Vhdlponto.vhd                    ; yes             ; User VHDL File                     ; C:/Users/heber/OneDrive/Documentos/Codigos/UFSC/DLP/aula3/Vhdlponto.vhd             ;         ;
+----------------------------------+-----------------+------------------------------------+-------------------------------------------------------------------------------------+---------+


+-------------------------------------------------------------+
; Analysis & Synthesis Resource Usage Summary                 ;
+---------------------------------------------+---------------+
; Resource                                    ; Usage         ;
+---------------------------------------------+---------------+
; Estimated Total logic elements              ; 109           ;
;                                             ;               ;
; Total combinational functions               ; 109           ;
; Logic element usage by number of LUT inputs ;               ;
;     -- 4 input functions                    ; 84            ;
;     -- 3 input functions                    ; 7             ;
;     -- <=2 input functions                  ; 18            ;
;                                             ;               ;
; Logic elements by mode                      ;               ;
;     -- normal mode                          ; 94            ;
;     -- arithmetic mode                      ; 15            ;
;                                             ;               ;
; Total registers                             ; 46            ;
;     -- Dedicated logic registers            ; 46            ;
;     -- I/O registers                        ; 0             ;
;                                             ;               ;
; I/O pins                                    ; 52            ;
;                                             ;               ;
; Embedded Multiplier 9-bit elements          ; 0             ;
;                                             ;               ;
; Maximum fan-out node                        ; switch2~input ;
; Maximum fan-out                             ; 29            ;
; Total fan-out                               ; 625           ;
; Average fan-out                             ; 2.41          ;
+---------------------------------------------+---------------+


+----------------------------------------------------------------------------------------------------------------------------------------------------------------------------------------------------------------------------------------------------------------+
; Analysis & Synthesis Resource Utilization by Entity                                                                                                                                                                                                            ;
+----------------------------------+---------------------+---------------------------+-------------+------------+--------------+---------+-----------+------+--------------+------------+----------------------------------+----------------------+--------------+
; Compilation Hierarchy Node       ; Combinational ALUTs ; Dedicated Logic Registers ; Memory Bits ; UFM Blocks ; DSP Elements ; DSP 9x9 ; DSP 18x18 ; Pins ; Virtual Pins ; ADC blocks ; Full Hierarchy Name              ; Entity Name          ; Library Name ;
+----------------------------------+---------------------+---------------------------+-------------+------------+--------------+---------+-----------+------+--------------+------------+----------------------------------+----------------------+--------------+
; |top                             ; 109 (0)             ; 46 (0)                    ; 0           ; 0          ; 0            ; 0       ; 0         ; 52   ; 0            ; 0          ; |top                             ; top                  ; work         ;
;    |aula3:inst2|                 ; 7 (7)               ; 0 (0)                     ; 0           ; 0          ; 0            ; 0       ; 0         ; 0    ; 0            ; 0          ; |top|aula3:inst2                 ; aula3                ; work         ;
;    |aula3:inst4|                 ; 7 (7)               ; 0 (0)                     ; 0           ; 0          ; 0            ; 0       ; 0         ; 0    ; 0            ; 0          ; |top|aula3:inst4                 ; aula3                ; work         ;
;    |aula3:inst5|                 ; 7 (7)               ; 0 (0)                     ; 0           ; 0          ; 0            ; 0       ; 0         ; 0    ; 0            ; 0          ; |top|aula3:inst5                 ; aula3                ; work         ;
;    |aula3:inst6|                 ; 7 (7)               ; 0 (0)                     ; 0           ; 0          ; 0            ; 0       ; 0         ; 0    ; 0            ; 0          ; |top|aula3:inst6                 ; aula3                ; work         ;
;    |aula3:inst|                  ; 7 (7)               ; 0 (0)                     ; 0           ; 0          ; 0            ; 0       ; 0         ; 0    ; 0            ; 0          ; |top|aula3:inst                  ; aula3                ; work         ;
;    |aula3ponto:inst7|            ; 7 (7)               ; 0 (0)                     ; 0           ; 0          ; 0            ; 0       ; 0         ; 0    ; 0            ; 0          ; |top|aula3ponto:inst7            ; aula3ponto           ; work         ;
;    |divclock:inst30|             ; 38 (38)             ; 17 (17)                   ; 0           ; 0          ; 0            ; 0       ; 0         ; 0    ; 0            ; 0          ; |top|divclock:inst30             ; divclock             ; work         ;
;    |free_run_bin_counter:inst10| ; 5 (5)               ; 5 (5)                     ; 0           ; 0          ; 0            ; 0       ; 0         ; 0    ; 0            ; 0          ; |top|free_run_bin_counter:inst10 ; free_run_bin_counter ; work         ;
;    |free_run_bin_counter:inst11| ; 5 (5)               ; 5 (5)                     ; 0           ; 0          ; 0            ; 0       ; 0         ; 0    ; 0            ; 0          ; |top|free_run_bin_counter:inst11 ; free_run_bin_counter ; work         ;
;    |free_run_bin_counter:inst12| ; 5 (5)               ; 5 (5)                     ; 0           ; 0          ; 0            ; 0       ; 0         ; 0    ; 0            ; 0          ; |top|free_run_bin_counter:inst12 ; free_run_bin_counter ; work         ;
;    |free_run_bin_counter:inst13| ; 4 (4)               ; 4 (4)                     ; 0           ; 0          ; 0            ; 0       ; 0         ; 0    ; 0            ; 0          ; |top|free_run_bin_counter:inst13 ; free_run_bin_counter ; work         ;
;    |free_run_bin_counter:inst8|  ; 5 (5)               ; 5 (5)                     ; 0           ; 0          ; 0            ; 0       ; 0         ; 0    ; 0            ; 0          ; |top|free_run_bin_counter:inst8  ; free_run_bin_counter ; work         ;
;    |free_run_bin_counter:inst9|  ; 5 (5)               ; 5 (5)                     ; 0           ; 0          ; 0            ; 0       ; 0         ; 0    ; 0            ; 0          ; |top|free_run_bin_counter:inst9  ; free_run_bin_counter ; work         ;
+----------------------------------+---------------------+---------------------------+-------------+------------+--------------+---------+-----------+------+--------------+------------+----------------------------------+----------------------+--------------+
Note: For table entries with two numbers listed, the numbers in parentheses indicate the number of resources of the given type used by the specific entity alone. The numbers listed outside of parentheses indicate the total resources of the given type used by the specific entity and all of its sub-entities in the hierarchy.


+--------------------------------------------------------------------------------+
; Registers Removed During Synthesis                                             ;
+---------------------------------------+----------------------------------------+
; Register name                         ; Reason for Removal                     ;
+---------------------------------------+----------------------------------------+
; free_run_bin_counter:inst8|r_reg[4]   ; Stuck at GND due to stuck port data_in ;
; free_run_bin_counter:inst9|r_reg[4]   ; Stuck at GND due to stuck port data_in ;
; free_run_bin_counter:inst12|r_reg[4]  ; Stuck at GND due to stuck port data_in ;
; free_run_bin_counter:inst10|r_reg[4]  ; Stuck at GND due to stuck port data_in ;
; free_run_bin_counter:inst11|r_reg[4]  ; Stuck at GND due to stuck port data_in ;
; free_run_bin_counter:inst13|r_reg[4]  ; Stuck at GND due to stuck port data_in ;
; Total Number of Removed Registers = 6 ;                                        ;
+---------------------------------------+----------------------------------------+


+------------------------------------------------------+
; General Register Statistics                          ;
+----------------------------------------------+-------+
; Statistic                                    ; Value ;
+----------------------------------------------+-------+
; Total registers                              ; 46    ;
; Number of registers using Synchronous Clear  ; 0     ;
; Number of registers using Synchronous Load   ; 0     ;
; Number of registers using Asynchronous Clear ; 24    ;
; Number of registers using Asynchronous Load  ; 0     ;
; Number of registers using Clock Enable       ; 22    ;
; Number of registers using Preset             ; 0     ;
+----------------------------------------------+-------+


+-------------------------------------------------------------------------+
; Parameter Settings for User Entity Instance: free_run_bin_counter:inst8 ;
+----------------+-------+------------------------------------------------+
; Parameter Name ; Value ; Type                                           ;
+----------------+-------+------------------------------------------------+
; n              ; 5     ; Signed Integer                                 ;
+----------------+-------+------------------------------------------------+
Note: In order to hide this table in the UI and the text report file, please set the "Show Parameter Settings in Synthesis Report" option in "Analysis and Synthesis Settings -> More Settings" to "Off".


+--------------------------------------------------------------+
; Parameter Settings for User Entity Instance: divclock:inst30 ;
+----------------+-------+-------------------------------------+
; Parameter Name ; Value ; Type                                ;
+----------------+-------+-------------------------------------+
; n              ; 16    ; Signed Integer                      ;
+----------------+-------+-------------------------------------+
Note: In order to hide this table in the UI and the text report file, please set the "Show Parameter Settings in Synthesis Report" option in "Analysis and Synthesis Settings -> More Settings" to "Off".


+-------------------------------------------------------------------------+
; Parameter Settings for User Entity Instance: free_run_bin_counter:inst9 ;
+----------------+-------+------------------------------------------------+
; Parameter Name ; Value ; Type                                           ;
+----------------+-------+------------------------------------------------+
; n              ; 5     ; Signed Integer                                 ;
+----------------+-------+------------------------------------------------+
Note: In order to hide this table in the UI and the text report file, please set the "Show Parameter Settings in Synthesis Report" option in "Analysis and Synthesis Settings -> More Settings" to "Off".


+--------------------------------------------------------------------------+
; Parameter Settings for User Entity Instance: free_run_bin_counter:inst12 ;
+----------------+-------+-------------------------------------------------+
; Parameter Name ; Value ; Type                                            ;
+----------------+-------+-------------------------------------------------+
; n              ; 5     ; Signed Integer                                  ;
+----------------+-------+-------------------------------------------------+
Note: In order to hide this table in the UI and the text report file, please set the "Show Parameter Settings in Synthesis Report" option in "Analysis and Synthesis Settings -> More Settings" to "Off".


+--------------------------------------------------------------------------+
; Parameter Settings for User Entity Instance: free_run_bin_counter:inst10 ;
+----------------+-------+-------------------------------------------------+
; Parameter Name ; Value ; Type                                            ;
+----------------+-------+-------------------------------------------------+
; n              ; 5     ; Signed Integer                                  ;
+----------------+-------+-------------------------------------------------+
Note: In order to hide this table in the UI and the text report file, please set the "Show Parameter Settings in Synthesis Report" option in "Analysis and Synthesis Settings -> More Settings" to "Off".


+--------------------------------------------------------------------------+
; Parameter Settings for User Entity Instance: free_run_bin_counter:inst11 ;
+----------------+-------+-------------------------------------------------+
; Parameter Name ; Value ; Type                                            ;
+----------------+-------+-------------------------------------------------+
; n              ; 5     ; Signed Integer                                  ;
+----------------+-------+-------------------------------------------------+
Note: In order to hide this table in the UI and the text report file, please set the "Show Parameter Settings in Synthesis Report" option in "Analysis and Synthesis Settings -> More Settings" to "Off".


+--------------------------------------------------------------------------+
; Parameter Settings for User Entity Instance: free_run_bin_counter:inst13 ;
+----------------+-------+-------------------------------------------------+
; Parameter Name ; Value ; Type                                            ;
+----------------+-------+-------------------------------------------------+
; n              ; 5     ; Signed Integer                                  ;
+----------------+-------+-------------------------------------------------+
Note: In order to hide this table in the UI and the text report file, please set the "Show Parameter Settings in Synthesis Report" option in "Analysis and Synthesis Settings -> More Settings" to "Off".


+-----------------------------------------------------+
; Post-Synthesis Netlist Statistics for Top Partition ;
+-----------------------+-----------------------------+
; Type                  ; Count                       ;
+-----------------------+-----------------------------+
; boundary_port         ; 52                          ;
; cycloneiii_ff         ; 46                          ;
;     CLR               ; 24                          ;
;     ENA               ; 22                          ;
; cycloneiii_lcell_comb ; 117                         ;
;     arith             ; 15                          ;
;         2 data inputs ; 15                          ;
;     normal            ; 102                         ;
;         0 data inputs ; 2                           ;
;         1 data inputs ; 7                           ;
;         2 data inputs ; 2                           ;
;         3 data inputs ; 7                           ;
;         4 data inputs ; 84                          ;
;                       ;                             ;
; Max LUT depth         ; 5.60                        ;
; Average LUT depth     ; 2.57                        ;
+-----------------------+-----------------------------+


+-------------------------------+
; Elapsed Time Per Partition    ;
+----------------+--------------+
; Partition Name ; Elapsed Time ;
+----------------+--------------+
; Top            ; 00:00:00     ;
+----------------+--------------+


+-------------------------------+
; Analysis & Synthesis Messages ;
+-------------------------------+
Info: *******************************************************************
Info: Running Quartus Prime Analysis & Synthesis
    Info: Version 25.1std.0 Build 1129 10/21/2025 SC Lite Edition
    Info: Processing started: Thu Sep  3 15:51:19 2026
Info: Command: quartus_map --read_settings_files=on --write_settings_files=off aula3 -c aula3
Warning (18236): Number of processors has not been specified which may cause overloading on shared machines.  Set the global assignment NUM_PARALLEL_PROCESSORS in your QSF to an appropriate value for best performance.
Info (20030): Parallel compilation is enabled and will use 16 of the 16 processors detected
Info (12021): Found 2 design units, including 1 entities, in source file aula3.vhd
    Info (12022): Found design unit 1: aula3-hex_display File: C:/Users/heber/OneDrive/Documentos/Codigos/UFSC/DLP/aula3/aula3.vhd Line: 12
    Info (12023): Found entity 1: aula3 File: C:/Users/heber/OneDrive/Documentos/Codigos/UFSC/DLP/aula3/aula3.vhd Line: 4
Info (12021): Found 1 design units, including 1 entities, in source file top.bdf
    Info (12023): Found entity 1: top
Info (12021): Found 2 design units, including 1 entities, in source file output_files/contador.vhd
    Info (12022): Found design unit 1: free_run_bin_counter-Behavioral File: C:/Users/heber/OneDrive/Documentos/Codigos/UFSC/DLP/aula3/output_files/contador.vhd Line: 17
    Info (12023): Found entity 1: free_run_bin_counter File: C:/Users/heber/OneDrive/Documentos/Codigos/UFSC/DLP/aula3/output_files/contador.vhd Line: 7
Info (12021): Found 2 design units, including 1 entities, in source file divclock.vhd
    Info (12022): Found design unit 1: divclock-Behavioral File: C:/Users/heber/OneDrive/Documentos/Codigos/UFSC/DLP/aula3/divclock.vhd Line: 17
    Info (12023): Found entity 1: divclock File: C:/Users/heber/OneDrive/Documentos/Codigos/UFSC/DLP/aula3/divclock.vhd Line: 7
Info (12021): Found 2 design units, including 1 entities, in source file vhdlponto.vhd
    Info (12022): Found design unit 1: aula3ponto-hex_display File: C:/Users/heber/OneDrive/Documentos/Codigos/UFSC/DLP/aula3/Vhdlponto.vhd Line: 12
    Info (12023): Found entity 1: aula3ponto File: C:/Users/heber/OneDrive/Documentos/Codigos/UFSC/DLP/aula3/Vhdlponto.vhd Line: 4
Info (12127): Elaborating entity "top" for the top level hierarchy
Info (12128): Elaborating entity "free_run_bin_counter" for hierarchy "free_run_bin_counter:inst8"
Info (12128): Elaborating entity "divclock" for hierarchy "divclock:inst30"
Warning (10492): VHDL Process Statement warning at divclock.vhd(25): signal "r_reg" is read inside the Process Statement but isn't in the Process Statement's sensitivity list File: C:/Users/heber/OneDrive/Documentos/Codigos/UFSC/DLP/aula3/divclock.vhd Line: 25
Info (12128): Elaborating entity "aula3" for hierarchy "aula3:inst"
Info (12128): Elaborating entity "aula3ponto" for hierarchy "aula3ponto:inst7"
Warning (13024): Output pins are stuck at VCC or GND
    Warning (13410): Pin "hex0[7]" is stuck at VCC
    Warning (13410): Pin "hex1[7]" is stuck at VCC
    Warning (13410): Pin "hex2[7]" is stuck at VCC
    Warning (13410): Pin "hex3[7]" is stuck at GND
    Warning (13410): Pin "hex4[7]" is stuck at VCC
    Warning (13410): Pin "hex5[7]" is stuck at VCC
Info (286030): Timing-Driven Synthesis is running
Info (16010): Generating hard_block partition "hard_block:auto_generated_inst"
    Info (16011): Adding 0 node(s), including 0 DDIO, 0 PLL, 0 transceiver and 0 LCELL
Info (21057): Implemented 161 device resources after synthesis - the final resource count might be different
    Info (21058): Implemented 3 input pins
    Info (21059): Implemented 49 output pins
    Info (21061): Implemented 109 logic cells
Info: Quartus Prime Analysis & Synthesis was successful. 0 errors, 9 warnings
    Info: Peak virtual memory: 4940 megabytes
    Info: Processing ended: Thu Sep  3 15:51:29 2026
    Info: Elapsed time: 00:00:10
    Info: Total CPU time (on all processors): 00:00:23


